// Jest Snapshot v1, https://goo.gl/fbAQLP

exports[`<Text /> renders h1 tag 1`] = `
<div>
  <h1
    class="sc-aYaIB jNjAcf"
  >
    Sample text
  </h1>
</div>
`;
